BL51 BANKED LINKER/LOCATER V6.22.2.0                                                    06/14/2022  12:11:26  PAGE 1


BL51 BANKED LINKER/LOCATER V6.22.2.0, INVOKED BY:
C:\KEIL_V5\C51\BIN\BL51.EXE .\Objects\Práctica 2.obj TO .\Objects\Práctica 2 PRINT (.\Listings\Práctica 2.m51) RAMSIZE (
>> 256)


INPUT MODULES INCLUDED:
  .\Objects\Práctica 2.obj (PR_CTICA_2)


LINK MAP OF MODULE:  .\Objects\Práctica 2 (PR_CTICA_2)


            TYPE    BASE      LENGTH    RELOCATION   SEGMENT NAME
            -----------------------------------------------------

            * * * * * * *   D A T A   M E M O R Y   * * * * * * *
            REG     0000H     0008H     ABSOLUTE     "REG BANK 0"

            * * * * * * *   C O D E   M E M O R Y   * * * * * * *
            CODE    0000H     0039H     ABSOLUTE     



SYMBOL TABLE OF MODULE:  .\Objects\Práctica 2 (PR_CTICA_2)

  VALUE           TYPE          NAME
  ----------------------------------

  -------         MODULE        PR_CTICA_2
  C:0031H         SYMBOL        CICLO
  C:002DH         SYMBOL        ERROR
  C:0007H         SYMBOL        ESCRIBE
  C:0025H         SYMBOL        FIN
  D:0090H         SYMBOL        P1
  C:0015H         SYMBOL        VERIFICA
  C:0000H         LINE#         65533
  C:0003H         LINE#         2
  C:0005H         LINE#         3
  C:0007H         LINE#         4
  C:0008H         LINE#         5
  C:0009H         LINE#         6
  C:000BH         LINE#         7
  C:000EH         LINE#         10
  C:0010H         LINE#         11
  C:0012H         LINE#         12
  C:0015H         LINE#         13
  C:0016H         LINE#         14
  C:0019H         LINE#         16
  C:001AH         LINE#         17
  C:001CH         LINE#         18
  C:001EH         LINE#         19
  C:0021H         LINE#         22
  C:0023H         LINE#         23
  C:0025H         LINE#         24
  C:0027H         LINE#         25
  C:0029H         LINE#         26
  C:002BH         LINE#         27
  C:002DH         LINE#         28
BL51 BANKED LINKER/LOCATER V6.22.2.0                                                  06/14/2022  12:11:26  PAGE 2


  C:002FH         LINE#         29
  C:0031H         LINE#         30
  C:0033H         LINE#         31
  C:0035H         LINE#         32
  C:0037H         LINE#         33
  -------         ENDMOD        PR_CTICA_2

******************************************************************************
* RESTRICTED VERSION WITH 0800H BYTE CODE SIZE LIMIT; USED: 0039H BYTE ( 2%) *
******************************************************************************

Program Size: data=8.0 xdata=0 code=57
LINK/LOCATE RUN COMPLETE.  0 WARNING(S),  0 ERROR(S)
