BL51 BANKED LINKER/LOCATER V6.22.2.0                                                    06/20/2022  21:28:35  PAGE 1


BL51 BANKED LINKER/LOCATER V6.22.2.0, INVOKED BY:
C:\KEIL_V5\C51\BIN\BL51.EXE .\Objects\Contenedor.obj TO .\Objects\Programas PRINT (.\Listings\Programas.m51) RAMSIZE (25
>> 6)


INPUT MODULES INCLUDED:
  .\Objects\Contenedor.obj (CONTENEDOR)


LINK MAP OF MODULE:  .\Objects\Programas (CONTENEDOR)


            TYPE    BASE      LENGTH    RELOCATION   SEGMENT NAME
            -----------------------------------------------------

            * * * * * * *   D A T A   M E M O R Y   * * * * * * *
            REG     0000H     0008H     ABSOLUTE     "REG BANK 0"

            * * * * * * *   C O D E   M E M O R Y   * * * * * * *
            CODE    0000H     0072H     ABSOLUTE     



SYMBOL TABLE OF MODULE:  .\Objects\Programas (CONTENEDOR)

  VALUE           TYPE          NAME
  ----------------------------------

  -------         MODULE        CONTENEDOR
  D:00F0H         SYMBOL        B
  C:006EH         SYMBOL        ESCR
  C:0068H         SYMBOL        FIN
  C:0040H         SYMBOL        MAIN
  C:0057H         SYMBOL        PROMEDIO
  C:004AH         SYMBOL        SUMA
  C:0000H         LINE#         515
  C:0040H         LINE#         518
  C:0043H         LINE#         519
  C:0044H         LINE#         520
  C:0047H         LINE#         521
  C:0048H         LINE#         522
  C:0049H         LINE#         523
  C:004AH         LINE#         525
  C:004BH         LINE#         526
  C:004CH         LINE#         527
  C:004EH         LINE#         528
  C:004FH         LINE#         529
  C:0050H         LINE#         530
  C:0051H         LINE#         531
  C:0053H         LINE#         532
  C:0054H         LINE#         533
  C:0055H         LINE#         534
  C:0057H         LINE#         537
  C:0058H         LINE#         538
  C:0059H         LINE#         539
  C:005AH         LINE#         540
  C:005BH         LINE#         541
  C:005DH         LINE#         542
BL51 BANKED LINKER/LOCATER V6.22.2.0                                                  06/20/2022  21:28:35  PAGE 2


  C:005EH         LINE#         543
  C:005FH         LINE#         544
  C:0062H         LINE#         545
  C:0063H         LINE#         546
  C:0065H         LINE#         547
  C:0068H         LINE#         549
  C:0069H         LINE#         550
  C:006AH         LINE#         551
  C:006BH         LINE#         552
  C:006CH         LINE#         553
  C:006EH         LINE#         556
  C:0070H         LINE#         557
  -------         ENDMOD        CONTENEDOR

******************************************************************************
* RESTRICTED VERSION WITH 0800H BYTE CODE SIZE LIMIT; USED: 0034H BYTE ( 2%) *
******************************************************************************

Program Size: data=8.0 xdata=0 code=114
LINK/LOCATE RUN COMPLETE.  0 WARNING(S),  0 ERROR(S)
