BL51 BANKED LINKER/LOCATER V6.22.2.0                                                    05/30/2022  10:43:40  PAGE 1


BL51 BANKED LINKER/LOCATER V6.22.2.0, INVOKED BY:
C:\KEIL_V5\C51\BIN\BL51.EXE .\Objects\hello_world.obj TO .\Objects\hello_world PRINT (.\Listings\hello_world.m51) RAMSIZ
>> E (256)


INPUT MODULES INCLUDED:
  .\Objects\hello_world.obj (HELLO_WORLD)


LINK MAP OF MODULE:  .\Objects\hello_world (HELLO_WORLD)


            TYPE    BASE      LENGTH    RELOCATION   SEGMENT NAME
            -----------------------------------------------------

            * * * * * * *   D A T A   M E M O R Y   * * * * * * *
            REG     0000H     0008H     ABSOLUTE     "REG BANK 0"

            * * * * * * *   C O D E   M E M O R Y   * * * * * * *
            CODE    0000H     0005H     ABSOLUTE     



SYMBOL TABLE OF MODULE:  .\Objects\hello_world (HELLO_WORLD)

  VALUE           TYPE          NAME
  ----------------------------------

  -------         MODULE        HELLO_WORLD
  D:0090H         SYMBOL        P1
  C:0000H         LINE#         11
  C:0003H         LINE#         12
  -------         ENDMOD        HELLO_WORLD

******************************************************************************
* RESTRICTED VERSION WITH 0800H BYTE CODE SIZE LIMIT; USED: 0005H BYTE ( 0%) *
******************************************************************************

Program Size: data=8.0 xdata=0 code=5
LINK/LOCATE RUN COMPLETE.  0 WARNING(S),  0 ERROR(S)
