BL51 BANKED LINKER/LOCATER V6.22.2.0                                                    07/13/2022  21:41:51  PAGE 1


BL51 BANKED LINKER/LOCATER V6.22.2.0, INVOKED BY:
C:\KEIL_V5\C51\BIN\BL51.EXE .\Objects\Ejemplo.obj TO .\Objects\Ejemplo PRINT (.\Listings\Ejemplo.m51) RAMSIZE (256)


INPUT MODULES INCLUDED:
  .\Objects\Ejemplo.obj (EJEMPLO)


LINK MAP OF MODULE:  .\Objects\Ejemplo (EJEMPLO)


            TYPE    BASE      LENGTH    RELOCATION   SEGMENT NAME
            -----------------------------------------------------

            * * * * * * *   D A T A   M E M O R Y   * * * * * * *
            REG     0000H     0008H     ABSOLUTE     "REG BANK 0"

            * * * * * * *   C O D E   M E M O R Y   * * * * * * *
            CODE    0000H     006EH     ABSOLUTE     



SYMBOL TABLE OF MODULE:  .\Objects\Ejemplo (EJEMPLO)

  VALUE           TYPE          NAME
  ----------------------------------

  -------         MODULE        EJEMPLO
  C:0058H         SYMBOL        CICLO
  C:0064H         SYMBOL        CICLO2
  C:0040H         SYMBOL        MAIN
  C:0000H         LINE#         5
  C:0040H         LINE#         8
  C:0042H         LINE#         9
  C:0044H         LINE#         10
  C:0046H         LINE#         11
  C:0048H         LINE#         12
  C:004AH         LINE#         13
  C:004CH         LINE#         14
  C:004EH         LINE#         15
  C:0050H         LINE#         16
  C:0051H         LINE#         17
  C:0052H         LINE#         18
  C:0053H         LINE#         19
  C:0054H         LINE#         20
  C:0055H         LINE#         21
  C:0056H         LINE#         22
  C:0057H         LINE#         23
  C:0058H         LINE#         25
  C:005AH         LINE#         26
  C:005CH         LINE#         27
  C:005EH         LINE#         28
  C:0060H         LINE#         29
  C:0062H         LINE#         30
  C:0064H         LINE#         32
  C:0065H         LINE#         33
  C:0066H         LINE#         34
  C:0067H         LINE#         35
BL51 BANKED LINKER/LOCATER V6.22.2.0                                                  07/13/2022  21:41:51  PAGE 2


  C:0068H         LINE#         36
  C:006AH         LINE#         37
  C:006CH         LINE#         38
  -------         ENDMOD        EJEMPLO

******************************************************************************
* RESTRICTED VERSION WITH 0800H BYTE CODE SIZE LIMIT; USED: 0030H BYTE ( 2%) *
******************************************************************************

Program Size: data=8.0 xdata=0 code=110
LINK/LOCATE RUN COMPLETE.  0 WARNING(S),  0 ERROR(S)
