BL51 BANKED LINKER/LOCATER V6.22.2.0                                                    06/15/2022  10:56:53  PAGE 1


BL51 BANKED LINKER/LOCATER V6.22.2.0, INVOKED BY:
C:\KEIL_V5\C51\BIN\BL51.EXE .\Objects\delay con temps.obj TO .\Objects\Temporizadores PRINT (.\Listings\Temporizadores.m
>> 51) RAMSIZE (256)


INPUT MODULES INCLUDED:
  .\Objects\delay con temps.obj (DELAY_CON_TEMPS)


LINK MAP OF MODULE:  .\Objects\Temporizadores (DELAY_CON_TEMPS)


            TYPE    BASE      LENGTH    RELOCATION   SEGMENT NAME
            -----------------------------------------------------

            * * * * * * *   D A T A   M E M O R Y   * * * * * * *
            REG     0000H     0008H     ABSOLUTE     "REG BANK 0"

            * * * * * * *   C O D E   M E M O R Y   * * * * * * *
            CODE    0000H     000CH     ABSOLUTE     



SYMBOL TABLE OF MODULE:  .\Objects\Temporizadores (DELAY_CON_TEMPS)

  VALUE           TYPE          NAME
  ----------------------------------

  -------         MODULE        DELAY_CON_TEMPS
  C:0000H         SYMBOL        INICIO
  B:0088H.7       SYMBOL        TF1
  D:0089H         SYMBOL        TMOD
  B:0088H.6       SYMBOL        TR1
  C:0000H         LINE#         44
  C:0003H         LINE#         45
  C:0005H         LINE#         46
  C:0008H         LINE#         47
  C:000AH         LINE#         48
  -------         ENDMOD        DELAY_CON_TEMPS

******************************************************************************
* RESTRICTED VERSION WITH 0800H BYTE CODE SIZE LIMIT; USED: 000CH BYTE ( 0%) *
******************************************************************************

Program Size: data=8.0 xdata=0 code=12
LINK/LOCATE RUN COMPLETE.  0 WARNING(S),  0 ERROR(S)
