A51 MACRO ASSEMBLER  EXAMEN_2                                                             07/13/2022 10:00:40 PAGE     1


MACRO ASSEMBLER A51 V8.2.7.0
OBJECT MODULE PLACED IN .\Objects\Examen 2.obj
ASSEMBLER INVOKED BY: C:\Keil_v5\C51\BIN\A51.EXE Examen 2.asm SET(SMALL) DEBUG PRINT(.\Listings\Examen 2.lst) OBJECT(.\O
                      bjects\Examen 2.obj) EP

LOC  OBJ            LINE     SOURCE

                       1     ; NOTA: Se intuye un cristal de 11.0592MHz
                       2     
  0097                 3                             LUZ EQU P1.7    ; Comunicación con conmutador
  0030                 4                             DLT EQU 30H             ; Desfase para ASCII
  00D1                 5                             DIG EQU 0D1H    ; Bandera para ASCII's
  00A0                 6                             HUM EQU P2              ; Sensor de humedad
  00D5                 7                             CMP EQU 0D5H    ; Bandera para comprobación
  REG                  8                             DBL EQU R2              ; Doble envío
                       9     
0000                  10                             ORG 0000H
0000 01BA             11                             JMP MAIN
                      12     
                      13     ; ------------ INTERRUPCIÓN PARA LUMINARIA ------------ 
000B                  14                             ORG 000BH
000B 8033             15                             JMP L_ON_OFF
                      16     ; -----------------------------------------------------
                      17     
001B                  18                             ORG 001BH
001B 32               19                             RETI
                      20     
                      21     ; ------------ INTERRUPCIÓN PARA SERIAL --------------- 
0023                  22                             ORG 0023H
0023 8035             23                             JMP DATA_SEND
                      24     ; -----------------------------------------------------
                      25     
0040                  26                             ORG 0040H
                      27     
                      28     ; Subrutina para encender/apagar luminaria
0040 C28C             29     L_ON_OFF:       CLR TR0
0042 B297             30                             CPL LUZ
0044 209708           31                             JB LUZ, L_OFF
0047 758CFF           32                             MOV TH0, #0FFH
004A 758ABB           33                             MOV TL0, #0BBH  ; Para 75us
004D 8008             34                             SJMP L_END
004F 758CFF           35     L_OFF:          MOV TH0, #0FFH
0052 758A8D           36                             MOV TL0, #08DH  ; Para 125us
0055 8000             37                             SJMP L_END
0057 D28C             38     L_END:          SETB TR0
0059 32               39                             RETI
                      40     
                      41     ; Subrutina para comunicaciones serial
005A D290             42     DATA_SEND:      SETB P1.0
005C 7A00             43                             MOV DBL, #0
005E E5A0             44                             MOV A, HUM
0060 11A6             45                             ACALL ASCII_CONV ; Convertir valor
0062 3099FD           46     DI_0:           JNB TI, $
0065 C299             47                             CLR TI
                      48                             
0067 20D106           49                             JB DIG, ASC_2
006A E541             50                             MOV A, 41H              ; Primer caracter
006C D2D1             51                             SETB DIG
006E 8006             52                             SJMP ASC_C
                      53                             
0070 E542             54     ASC_2:          MOV A, 42H              ; Segundo caracter
0072 C2D1             55                             CLR DIG
0074 D2D5             56                             SETB CMP
                      57                             
A51 MACRO ASSEMBLER  EXAMEN_2                                                             07/13/2022 10:00:40 PAGE     2

0076 F599             58     ASC_C:          MOV SBUF, A
0078 30D5E7           59                             JNB CMP, DI_0   ; ¿Se transmitieron ambos caracteres?
007B C2D5             60                             CLR CMP
007D 0A               61                             INC DBL
007E BA02D9           62                             CJNE DBL, #2H, DATA_SEND
                      63                             
0081 3098FD           64     DI_1:           JNB RI, $
0084 C298             65                             CLR RI
0086 E599             66                             MOV A, SBUF
                      67                             
0088 20D106           68                             JB DIG, ASC_3
008B F543             69                             MOV 43H, A                      ; Primer caracter
008D D2D1             70                             SETB DIG
008F 8006             71                             SJMP ASC_C_2
                      72                             
0091 F544             73     ASC_3:          MOV 44H, A                      ; Segundo caracter con complemento
0093 C2D1             74                             CLR DIG
0095 D2D5             75                             SETB CMP
                      76                             
0097 30D5E7           77     ASC_C_2:        JNB CMP, DI_1
009A C2D5             78                             CLR CMP
009C 11B7             79                             ACALL INV_CA2
009E B54201           80                             CJNE A, 42H, ERROR              
00A1 32               81     DS_END:         RETI
00A2 C290             82     ERROR:          CLR P1.0
00A4 80FB             83                             SJMP DS_END
                      84     
                      85     ; Subrutina para convertir un byte en dos ASCII's
00A6 E540             86     ASCII_CONV:     MOV A, 40H              ; Dígito en 8 bits
00A8 75F00A           87                             MOV B, #0AH             ; Decenas
00AB 84               88                             DIV AB
00AC 2430             89                             ADD A, #DLT             ; Desfase para ASCII
00AE F541             90                             MOV 41H, A
00B0 E5F0             91                             MOV A, B                ; Unidades
00B2 2430             92                             ADD A, #DLT             ; Mismo desfase
00B4 F542             93                             MOV 42H, A
00B6 22               94                             RET
                      95     
                      96     ; Subrutina para convertir de complemento a 2
00B7 F4               97     INV_CA2:        CPL A
00B8 04               98                             INC A
00B9 22               99                             RET
                     100     
00BA 75A88A          101     MAIN:           MOV IE, #8AH
00BD 759842          102                             MOV SCON, #42H
00C0 758921          103                             MOV TMOD, #21H
                     104                             
00C3 758CFF          105                             MOV TH0, #0FFH
00C6 758A8D          106                             MOV TL0, #08DH  ; Para 125us
00C9 D28C            107                             SETB TR0                ; Temporizador de luminaria
                     108                             
00CB 758DED          109                             MOV TH1, #0EDH
00CE 758BED          110                             MOV TL1, #0EDH  ; Para 1500 baudios (aprox. 1516)
00D1 D28E            111                             SETB TR1                ; Temporizador para serial
                     112                             
00D3 80FE            113                             SJMP $                  ; Loop principal
                     114                             
                     115                             END
A51 MACRO ASSEMBLER  EXAMEN_2                                                             07/13/2022 10:00:40 PAGE     3

SYMBOL TABLE LISTING
------ ----- -------


N A M E             T Y P E  V A L U E   ATTRIBUTES

ASCII_CONV . . . .  C ADDR   00A6H   A   
ASC_2. . . . . . .  C ADDR   0070H   A   
ASC_3. . . . . . .  C ADDR   0091H   A   
ASC_C. . . . . . .  C ADDR   0076H   A   
ASC_C_2. . . . . .  C ADDR   0097H   A   
B. . . . . . . . .  D ADDR   00F0H   A   
CMP. . . . . . . .  N NUMB   00D5H   A   
DATA_SEND. . . . .  C ADDR   005AH   A   
DBL. . . . . . . .    REG    R2          
DIG. . . . . . . .  N NUMB   00D1H   A   
DI_0 . . . . . . .  C ADDR   0062H   A   
DI_1 . . . . . . .  C ADDR   0081H   A   
DLT. . . . . . . .  N NUMB   0030H   A   
DS_END . . . . . .  C ADDR   00A1H   A   
ERROR. . . . . . .  C ADDR   00A2H   A   
HUM. . . . . . . .  D ADDR   00A0H   A   
IE . . . . . . . .  D ADDR   00A8H   A   
INV_CA2. . . . . .  C ADDR   00B7H   A   
LUZ. . . . . . . .  B ADDR   0090H.7 A   
L_END. . . . . . .  C ADDR   0057H   A   
L_OFF. . . . . . .  C ADDR   004FH   A   
L_ON_OFF . . . . .  C ADDR   0040H   A   
MAIN . . . . . . .  C ADDR   00BAH   A   
P1 . . . . . . . .  D ADDR   0090H   A   
P2 . . . . . . . .  D ADDR   00A0H   A   
RI . . . . . . . .  B ADDR   0098H.0 A   
SBUF . . . . . . .  D ADDR   0099H   A   
SCON . . . . . . .  D ADDR   0098H   A   
TH0. . . . . . . .  D ADDR   008CH   A   
TH1. . . . . . . .  D ADDR   008DH   A   
TI . . . . . . . .  B ADDR   0098H.1 A   
TL0. . . . . . . .  D ADDR   008AH   A   
TL1. . . . . . . .  D ADDR   008BH   A   
TMOD . . . . . . .  D ADDR   0089H   A   
TR0. . . . . . . .  B ADDR   0088H.4 A   
TR1. . . . . . . .  B ADDR   0088H.6 A   


REGISTER BANK(S) USED: 0 


ASSEMBLY COMPLETE.  0 WARNING(S), 0 ERROR(S)
